// Jest Snapshot v1, https://goo.gl/fbAQLP

exports[`fulltext search field is created 1`] = `
GraphQLSchema {
  "__allowedLegacyNames": Array [],
  "__validationErrors": undefined,
  "_directives": Array [
    "@include",
    "@skip",
    "@deprecated",
  ],
  "_implementations": Object {
    "Node": Array [
      "Query",
      "Job",
    ],
  },
  "_mutationType": "Mutation",
  "_possibleTypeMap": Object {},
  "_queryType": "Query",
  "_subscriptionType": undefined,
  "_typeMap": Object {
    "Boolean": "Boolean",
    "CreateJobInput": "CreateJobInput",
    "CreateJobPayload": "CreateJobPayload",
    "Cursor": "Cursor",
    "DeleteJobByIdInput": "DeleteJobByIdInput",
    "DeleteJobInput": "DeleteJobInput",
    "DeleteJobPayload": "DeleteJobPayload",
    "Float": "Float",
    "FullText": "FullText",
    "FullTextFilter": "FullTextFilter",
    "ID": "ID",
    "Int": "Int",
    "IntFilter": "IntFilter",
    "Job": "Job",
    "JobCondition": "JobCondition",
    "JobFilter": "JobFilter",
    "JobInput": "JobInput",
    "JobPatch": "JobPatch",
    "JobsConnection": "JobsConnection",
    "JobsEdge": "JobsEdge",
    "JobsOrderBy": "JobsOrderBy",
    "Mutation": "Mutation",
    "Node": "Node",
    "PageInfo": "PageInfo",
    "Query": "Query",
    "String": "String",
    "StringFilter": "StringFilter",
    "UpdateJobByIdInput": "UpdateJobByIdInput",
    "UpdateJobInput": "UpdateJobInput",
    "UpdateJobPayload": "UpdateJobPayload",
    "__Directive": "__Directive",
    "__DirectiveLocation": "__DirectiveLocation",
    "__EnumValue": "__EnumValue",
    "__Field": "__Field",
    "__InputValue": "__InputValue",
    "__Schema": "__Schema",
    "__Type": "__Type",
    "__TypeKind": "__TypeKind",
  },
  "astNode": undefined,
  "extensionASTNodes": undefined,
  "extensions": undefined,
}
`;

exports[`fulltext search field is created 2`] = `
GraphQLSchema {
  "__allowedLegacyNames": Array [],
  "__validationErrors": undefined,
  "_directives": Array [
    "@include",
    "@skip",
    "@deprecated",
  ],
  "_implementations": Object {
    "Node": Array [
      "Query",
      "Job",
    ],
  },
  "_mutationType": "Mutation",
  "_possibleTypeMap": Object {},
  "_queryType": "Query",
  "_subscriptionType": undefined,
  "_typeMap": Object {
    "Boolean": "Boolean",
    "CreateJobInput": "CreateJobInput",
    "CreateJobPayload": "CreateJobPayload",
    "Cursor": "Cursor",
    "DeleteJobByIdInput": "DeleteJobByIdInput",
    "DeleteJobInput": "DeleteJobInput",
    "DeleteJobPayload": "DeleteJobPayload",
    "Float": "Float",
    "FullText": "FullText",
    "FullTextFilter": "FullTextFilter",
    "ID": "ID",
    "Int": "Int",
    "IntFilter": "IntFilter",
    "Job": "Job",
    "JobCondition": "JobCondition",
    "JobFilter": "JobFilter",
    "JobInput": "JobInput",
    "JobPatch": "JobPatch",
    "JobsConnection": "JobsConnection",
    "JobsEdge": "JobsEdge",
    "JobsOrderBy": "JobsOrderBy",
    "Mutation": "Mutation",
    "Node": "Node",
    "PageInfo": "PageInfo",
    "Query": "Query",
    "String": "String",
    "StringFilter": "StringFilter",
    "UpdateJobByIdInput": "UpdateJobByIdInput",
    "UpdateJobInput": "UpdateJobInput",
    "UpdateJobPayload": "UpdateJobPayload",
    "__Directive": "__Directive",
    "__DirectiveLocation": "__DirectiveLocation",
    "__EnumValue": "__EnumValue",
    "__Field": "__Field",
    "__InputValue": "__InputValue",
    "__Schema": "__Schema",
    "__Type": "__Type",
    "__TypeKind": "__TypeKind",
  },
  "astNode": undefined,
  "extensionASTNodes": undefined,
  "extensions": undefined,
}
`;

exports[`querying rank without filter works 1`] = `
GraphQLSchema {
  "__allowedLegacyNames": Array [],
  "__validationErrors": undefined,
  "_directives": Array [
    "@include",
    "@skip",
    "@deprecated",
  ],
  "_implementations": Object {
    "Node": Array [
      "Query",
      "Job",
    ],
  },
  "_mutationType": "Mutation",
  "_possibleTypeMap": Object {},
  "_queryType": "Query",
  "_subscriptionType": undefined,
  "_typeMap": Object {
    "Boolean": "Boolean",
    "CreateJobInput": "CreateJobInput",
    "CreateJobPayload": "CreateJobPayload",
    "Cursor": "Cursor",
    "DeleteJobByIdInput": "DeleteJobByIdInput",
    "DeleteJobInput": "DeleteJobInput",
    "DeleteJobPayload": "DeleteJobPayload",
    "Float": "Float",
    "FullText": "FullText",
    "FullTextFilter": "FullTextFilter",
    "ID": "ID",
    "Int": "Int",
    "IntFilter": "IntFilter",
    "Job": "Job",
    "JobCondition": "JobCondition",
    "JobFilter": "JobFilter",
    "JobInput": "JobInput",
    "JobPatch": "JobPatch",
    "JobsConnection": "JobsConnection",
    "JobsEdge": "JobsEdge",
    "JobsOrderBy": "JobsOrderBy",
    "Mutation": "Mutation",
    "Node": "Node",
    "PageInfo": "PageInfo",
    "Query": "Query",
    "String": "String",
    "StringFilter": "StringFilter",
    "UpdateJobByIdInput": "UpdateJobByIdInput",
    "UpdateJobInput": "UpdateJobInput",
    "UpdateJobPayload": "UpdateJobPayload",
    "__Directive": "__Directive",
    "__DirectiveLocation": "__DirectiveLocation",
    "__EnumValue": "__EnumValue",
    "__Field": "__Field",
    "__InputValue": "__InputValue",
    "__Schema": "__Schema",
    "__Type": "__Type",
    "__TypeKind": "__TypeKind",
  },
  "astNode": undefined,
  "extensionASTNodes": undefined,
  "extensions": undefined,
}
`;

exports[`sort by full text rank field works 1`] = `
GraphQLSchema {
  "__allowedLegacyNames": Array [],
  "__validationErrors": undefined,
  "_directives": Array [
    "@include",
    "@skip",
    "@deprecated",
  ],
  "_implementations": Object {
    "Node": Array [
      "Query",
      "Job",
    ],
  },
  "_mutationType": "Mutation",
  "_possibleTypeMap": Object {},
  "_queryType": "Query",
  "_subscriptionType": undefined,
  "_typeMap": Object {
    "Boolean": "Boolean",
    "CreateJobInput": "CreateJobInput",
    "CreateJobPayload": "CreateJobPayload",
    "Cursor": "Cursor",
    "DeleteJobByIdInput": "DeleteJobByIdInput",
    "DeleteJobInput": "DeleteJobInput",
    "DeleteJobPayload": "DeleteJobPayload",
    "Float": "Float",
    "FullText": "FullText",
    "FullTextFilter": "FullTextFilter",
    "ID": "ID",
    "Int": "Int",
    "IntFilter": "IntFilter",
    "Job": "Job",
    "JobCondition": "JobCondition",
    "JobFilter": "JobFilter",
    "JobInput": "JobInput",
    "JobPatch": "JobPatch",
    "JobsConnection": "JobsConnection",
    "JobsEdge": "JobsEdge",
    "JobsOrderBy": "JobsOrderBy",
    "Mutation": "Mutation",
    "Node": "Node",
    "PageInfo": "PageInfo",
    "Query": "Query",
    "String": "String",
    "StringFilter": "StringFilter",
    "UpdateJobByIdInput": "UpdateJobByIdInput",
    "UpdateJobInput": "UpdateJobInput",
    "UpdateJobPayload": "UpdateJobPayload",
    "__Directive": "__Directive",
    "__DirectiveLocation": "__DirectiveLocation",
    "__EnumValue": "__EnumValue",
    "__Field": "__Field",
    "__InputValue": "__InputValue",
    "__Schema": "__Schema",
    "__Type": "__Type",
    "__TypeKind": "__TypeKind",
  },
  "astNode": undefined,
  "extensionASTNodes": undefined,
  "extensions": undefined,
}
`;

exports[`table with unfiltered full-text field works 1`] = `
GraphQLSchema {
  "__allowedLegacyNames": Array [],
  "__validationErrors": undefined,
  "_directives": Array [
    "@include",
    "@skip",
    "@deprecated",
  ],
  "_implementations": Object {
    "Node": Array [
      "Query",
      "Job",
    ],
  },
  "_mutationType": "Mutation",
  "_possibleTypeMap": Object {},
  "_queryType": "Query",
  "_subscriptionType": undefined,
  "_typeMap": Object {
    "Boolean": "Boolean",
    "CreateJobInput": "CreateJobInput",
    "CreateJobPayload": "CreateJobPayload",
    "Cursor": "Cursor",
    "DeleteJobByIdInput": "DeleteJobByIdInput",
    "DeleteJobInput": "DeleteJobInput",
    "DeleteJobPayload": "DeleteJobPayload",
    "Float": "Float",
    "FullText": "FullText",
    "FullTextFilter": "FullTextFilter",
    "ID": "ID",
    "Int": "Int",
    "IntFilter": "IntFilter",
    "Job": "Job",
    "JobCondition": "JobCondition",
    "JobFilter": "JobFilter",
    "JobInput": "JobInput",
    "JobPatch": "JobPatch",
    "JobsConnection": "JobsConnection",
    "JobsEdge": "JobsEdge",
    "JobsOrderBy": "JobsOrderBy",
    "Mutation": "Mutation",
    "Node": "Node",
    "PageInfo": "PageInfo",
    "Query": "Query",
    "String": "String",
    "StringFilter": "StringFilter",
    "UpdateJobByIdInput": "UpdateJobByIdInput",
    "UpdateJobInput": "UpdateJobInput",
    "UpdateJobPayload": "UpdateJobPayload",
    "__Directive": "__Directive",
    "__DirectiveLocation": "__DirectiveLocation",
    "__EnumValue": "__EnumValue",
    "__Field": "__Field",
    "__InputValue": "__InputValue",
    "__Schema": "__Schema",
    "__Type": "__Type",
    "__TypeKind": "__TypeKind",
  },
  "astNode": undefined,
  "extensionASTNodes": undefined,
  "extensions": undefined,
}
`;

exports[`works with connectionFilterRelations 1`] = `
GraphQLSchema {
  "__allowedLegacyNames": Array [],
  "__validationErrors": undefined,
  "_directives": Array [
    "@include",
    "@skip",
    "@deprecated",
  ],
  "_implementations": Object {
    "Node": Array [
      "Query",
      "Client",
      "Order",
    ],
  },
  "_mutationType": "Mutation",
  "_possibleTypeMap": Object {},
  "_queryType": "Query",
  "_subscriptionType": undefined,
  "_typeMap": Object {
    "Boolean": "Boolean",
    "Client": "Client",
    "ClientCondition": "ClientCondition",
    "ClientFilter": "ClientFilter",
    "ClientInput": "ClientInput",
    "ClientPatch": "ClientPatch",
    "ClientToManyOrderFilter": "ClientToManyOrderFilter",
    "ClientsConnection": "ClientsConnection",
    "ClientsEdge": "ClientsEdge",
    "ClientsOrderBy": "ClientsOrderBy",
    "CreateClientInput": "CreateClientInput",
    "CreateClientPayload": "CreateClientPayload",
    "CreateOrderInput": "CreateOrderInput",
    "CreateOrderPayload": "CreateOrderPayload",
    "Cursor": "Cursor",
    "DeleteClientByIdInput": "DeleteClientByIdInput",
    "DeleteClientInput": "DeleteClientInput",
    "DeleteClientPayload": "DeleteClientPayload",
    "DeleteOrderByIdInput": "DeleteOrderByIdInput",
    "DeleteOrderInput": "DeleteOrderInput",
    "DeleteOrderPayload": "DeleteOrderPayload",
    "Float": "Float",
    "FullText": "FullText",
    "FullTextFilter": "FullTextFilter",
    "ID": "ID",
    "Int": "Int",
    "IntFilter": "IntFilter",
    "Mutation": "Mutation",
    "Node": "Node",
    "Order": "Order",
    "OrderCondition": "OrderCondition",
    "OrderFilter": "OrderFilter",
    "OrderInput": "OrderInput",
    "OrderPatch": "OrderPatch",
    "OrdersConnection": "OrdersConnection",
    "OrdersEdge": "OrdersEdge",
    "OrdersOrderBy": "OrdersOrderBy",
    "PageInfo": "PageInfo",
    "Query": "Query",
    "String": "String",
    "StringFilter": "StringFilter",
    "UpdateClientByIdInput": "UpdateClientByIdInput",
    "UpdateClientInput": "UpdateClientInput",
    "UpdateClientPayload": "UpdateClientPayload",
    "UpdateOrderByIdInput": "UpdateOrderByIdInput",
    "UpdateOrderInput": "UpdateOrderInput",
    "UpdateOrderPayload": "UpdateOrderPayload",
    "__Directive": "__Directive",
    "__DirectiveLocation": "__DirectiveLocation",
    "__EnumValue": "__EnumValue",
    "__Field": "__Field",
    "__InputValue": "__InputValue",
    "__Schema": "__Schema",
    "__Type": "__Type",
    "__TypeKind": "__TypeKind",
  },
  "astNode": undefined,
  "extensionASTNodes": undefined,
  "extensions": undefined,
}
`;

exports[`works with connectionFilterRelations with no local filter 1`] = `
GraphQLSchema {
  "__allowedLegacyNames": Array [],
  "__validationErrors": undefined,
  "_directives": Array [
    "@include",
    "@skip",
    "@deprecated",
  ],
  "_implementations": Object {
    "Node": Array [
      "Query",
      "Client",
      "Order",
    ],
  },
  "_mutationType": "Mutation",
  "_possibleTypeMap": Object {},
  "_queryType": "Query",
  "_subscriptionType": undefined,
  "_typeMap": Object {
    "Boolean": "Boolean",
    "Client": "Client",
    "ClientCondition": "ClientCondition",
    "ClientFilter": "ClientFilter",
    "ClientInput": "ClientInput",
    "ClientPatch": "ClientPatch",
    "ClientToManyOrderFilter": "ClientToManyOrderFilter",
    "ClientsConnection": "ClientsConnection",
    "ClientsEdge": "ClientsEdge",
    "ClientsOrderBy": "ClientsOrderBy",
    "CreateClientInput": "CreateClientInput",
    "CreateClientPayload": "CreateClientPayload",
    "CreateOrderInput": "CreateOrderInput",
    "CreateOrderPayload": "CreateOrderPayload",
    "Cursor": "Cursor",
    "DeleteClientByIdInput": "DeleteClientByIdInput",
    "DeleteClientInput": "DeleteClientInput",
    "DeleteClientPayload": "DeleteClientPayload",
    "DeleteOrderByIdInput": "DeleteOrderByIdInput",
    "DeleteOrderInput": "DeleteOrderInput",
    "DeleteOrderPayload": "DeleteOrderPayload",
    "Float": "Float",
    "FullText": "FullText",
    "FullTextFilter": "FullTextFilter",
    "ID": "ID",
    "Int": "Int",
    "IntFilter": "IntFilter",
    "Mutation": "Mutation",
    "Node": "Node",
    "Order": "Order",
    "OrderCondition": "OrderCondition",
    "OrderFilter": "OrderFilter",
    "OrderInput": "OrderInput",
    "OrderPatch": "OrderPatch",
    "OrdersConnection": "OrdersConnection",
    "OrdersEdge": "OrdersEdge",
    "OrdersOrderBy": "OrdersOrderBy",
    "PageInfo": "PageInfo",
    "Query": "Query",
    "String": "String",
    "StringFilter": "StringFilter",
    "UpdateClientByIdInput": "UpdateClientByIdInput",
    "UpdateClientInput": "UpdateClientInput",
    "UpdateClientPayload": "UpdateClientPayload",
    "UpdateOrderByIdInput": "UpdateOrderByIdInput",
    "UpdateOrderInput": "UpdateOrderInput",
    "UpdateOrderPayload": "UpdateOrderPayload",
    "__Directive": "__Directive",
    "__DirectiveLocation": "__DirectiveLocation",
    "__EnumValue": "__EnumValue",
    "__Field": "__Field",
    "__InputValue": "__InputValue",
    "__Schema": "__Schema",
    "__Type": "__Type",
    "__TypeKind": "__TypeKind",
  },
  "astNode": undefined,
  "extensionASTNodes": undefined,
  "extensions": undefined,
}
`;
